parameter int;
return int;
storage unit;
code {{{{DUP; {{{{{DUP; CDR}; SWAP}; CAR}; {UNIT; {{{{SWAP; DUP}; DIP {SWAP}}; {{{{DIP {SWAP}; SWAP}; DUP}; DIP {{SWAP; DIP {SWAP}}}}; e}}; PAIR}}}; {{SWAP; DROP}; {SWAP; DROP}}}}; SWAP}; DROP}};
