parameter string;
return string;
storage unit;
code {{{{DUP; {{{{{DUP; CDR}; SWAP}; CAR}; {UNIT; {{{SWAP; DUP}; DIP {SWAP}}; PAIR}}}; {{SWAP; DROP}; {SWAP; DROP}}}}; SWAP}; DROP}};
